// Jest Snapshot v1, https://goo.gl/fbAQLP

exports[`user input should match snapshot 1`] = `
<input
  type="text"
  value=""
/>
`;
